#-----------------------------------------------------------
# Vivado v2023.2 (64-bit)
# SW Build 4029153 on Fri Oct 13 20:14:34 MDT 2023
# IP Build 4028589 on Sat Oct 14 00:45:43 MDT 2023
# SharedData Build 4025554 on Tue Oct 10 17:18:54 MDT 2023
# Start of session at: Mon Apr 15 18:58:21 2024
# Process ID: 8172
# Current directory: C:/Users/qubec/Documents/Development/ProjektyVHDL/MimasA7/tangerineSOCMA7/tangerineSOCMA7.runs/impl_1
# Command line: vivado.exe -log tangerineSOCMA7Top.vdi -applog -product Vivado -messageDb vivado.pb -mode batch -source tangerineSOCMA7Top.tcl -notrace
# Log file: C:/Users/qubec/Documents/Development/ProjektyVHDL/MimasA7/tangerineSOCMA7/tangerineSOCMA7.runs/impl_1/tangerineSOCMA7Top.vdi
# Journal file: C:/Users/qubec/Documents/Development/ProjektyVHDL/MimasA7/tangerineSOCMA7/tangerineSOCMA7.runs/impl_1\vivado.jou
# Running On: Desktop-qUBECk, OS: Windows, CPU Frequency: 4104 MHz, CPU Physical cores: 6, Host memory: 34266 MB
#-----------------------------------------------------------
source tangerineSOCMA7Top.tcl -notrace
